[    0.000000] Initializing cgroup subsys cpuset
[    0.000000] Initializing cgroup subsys cpu
[    0.000000] Initializing cgroup subsys cpuacct
[    0.000000] Linux version 4.4.0-148-generic (buildd@lgw01-amd64-031) (gcc version 5.4.0 20160609 (Ubuntu 5.4.0-6ubuntu1~16.04.10) ) #174-Ubuntu SMP Tue May 7 12:20:14 UTC 2019 (Ubuntu 4.4.0-148.174-generic 4.4.177)
[    0.000000] Command lie: BOOT_IMAGE=/boot/vmlinuz-4.4.0-148-generic root=LABEL=cloudimg-rootfs ro console=tty1 console=ttyS0
[    0.000000] KERNEL supported cpus:
[    0.000000]   Intel GenuineIntel
[    0.000000]   AMD AuthenticAMD
[    0.000000]   Centaur CentaurHauls
[    0.000000] x86/fpu: Legacy x87 FPU detected.
[    0.000000] e82: BIOS-provided physical RAM map:
[    0.000000] BIOS-e820: [mem 0x0000000000000000-0x000000000009fbff] usable
[    0.000000] BIOS-e820: [mem 0x000000000009fc00-0x000000000009ffff] reserved
[    0.000000] BIOS-e820: [mem 0x00000000000f0000-0x00000000000fffff] reserved
[    0.000000] BIOS-e820: [mem 0x0000000000100000-0x00000000dffeffff] usable
[    0.000000] BIOS-e820: [mem 0x00000000dfff0000-0x00000000dfffffff] ACPI data
[    0.000000] BIOS-e820: [mem 0x00000000fec00000-0x00000000fec00fff] reserved
[    0.000000] BIOS-e820: [mem 0x00000000fee00000-0x00000000fee00fff] reserved
[    0.000000] BIOS-e820: [mem 0x00000000fffc0000-0x00000000ffffffff] reserved
[    0.000000] BIOS-e820: [mem 0x0000000100000000-0x000000011fffffff] usable
[    0.000000] NX (Execute Disable) protection: active
[    0.000000] SMBIOS 2.5 present.
[    0.000000] Hypervisor detected: KVM
[    0.000000] e820: last_pfn = 0x120000 max_arch_pfn = 0x400000000
[    0.000000] MTRR: Disabled
[    0.000000] x86/PAT: MTRRs disabled, skipping PAT initialization too.
[    0.000000] CPU MTRRs all blank - virtualized system.
[    0.000000] x86/PAT: Configuration [0-7]: WB  WT  UC- UC  WB  WT  UC- UC  
[    0.000000] e820: last_pfn = 0xdfff0 max_arch_pfn = 0x400000000
[    0.000000] found SMP MP-table at [mem 0x0009fff0-0x0009ffff] mapped at [ffff88000009fff0]
[    0.000000] Scanning 1 areas for low memory corruption
[    0.000000] RAMDISK: [mem 0x362fa000-0x37174fff]
[    0.000000] ACPI: Earlytable checksum verification disabled
[    0.000000] ACPI: RSDP 0x00000000000E0000 000024 (v02 VBOX  )
[   0.000000] ACPI: XSDT 0x00000000DFFF0030 00003C (v01 VBOX   VBOXXSDT 00000001 ASL  00000061)
[    0.000000] ACPI: FACP 0x00000000DFFF00F0 0000F4 (v04 VBOX   VBOXFACP 00000001 ASL  00000061)
[    0.000000] ACPI: DSDT 0x00000000DFFF0470 0021FF (v02 VBOX   VBOXBIOS 00000002 INTL 20100528)
[    0.000000] ACPI: FACS 0x00000000DFFF0200 000040
[    0.000000] ACPI: FACS 0x00000000DFFF0200 000040
[    0.000000] ACPI: APIC 0x00000000DFFF0240 00005C (v02 VBOX   VBOXAPIC 00000001 ASL  00000061)
[    0.000000] ACPI: SSDT 0x00000000DFFF02A0 0001CC (v01 VBOX   VBOXCPUT 00000002 INTL 20100528)
[    0.000000] No NUMA configuration found
[    0.000000] Faking a node at [mem 0x0000000000000000-0x000000011fffffff]
[    0.000000] NODE_DATA(0) allocated [mem 0x11fff7000-0x11fffbfff]
[    0.000000] kvm-clock: Using msrs 4b564d01 and 4b564d00
[    0.000000] kvm-clock: cpu 0, msr 1:1ffef001, primary cpu clock
[    0.000000] kvm-clock: using sched offset f 5971690190 cycles
[    0.000000] clocksource: kvm-clock: mask: 0xffffffffffffffff max_cycles: 0x1cd42e4dffb, max_idle_ns: 881590591483 ns
[    0.000000] Zone ranges:
[    0.000000]   DMA      [mem 0x0000000000001000-0x0000000000ffffff]
[    0.000000]   DMA32    [mem 0x0000000001000000-0x00000000ffffffff]
[    0.000000]   Normal   [mem 0x0000000100000000-0x00000011fffffff]
[    0.000000]   Device   empty
[    0.000000] Movable zone start for each node
[    0.000000] Early memory noderanges
[    0.000000]   node   0: [mem 0x0000000000001000-0x000000000009efff]
[    0.000000]   node   0: [mem 0x0000000000100000-0x00000000dffefff]
[    0.000000]   node   0: [mem 0x0000000100000000-0x000000011fffffff]
[    0.000000] Initmem setup node 0 [mem 0x0000000000001000-0x000000011fffffff]
[    0.000000] ACPI: PM-Timer IO Port: 0x4008
[    0.000000] IOAPIC[0]: apic_id 2, version 32, address 0xfec00000, GSI 0-23
[    0.000000] ACPI: INT_SRC_OVR (bus 0 bus_irq 0 global_irq 2 dfl dfl)
[    0.000000] ACPI: INT_SRC_OVR (bus 0 bus_irq 9 global_irq 9 low level)
[    0.000000] Using ACPI (MADT) for SMP configuration information
[    0.000000] smpboot: Allowing 2 CPUs, 0 hotplug CPUs
[    0.000000] PM: Registered nosave memory: [mem 0x00000000-0x00000fff]
[    0.000000] PM: Registered nosave memory: [mem 0x0009f000-0x0009ffff]
[    0.000000] PM: Registered nosave memory: [mem 0x000a0000-0x000effff]
[    0.000000] PM: Registered nosave memory: [mem 0x000f0000-0x000fffff]
[    0.000000] PM: Registered nosave memory: [mem 0xdfff0000-0xdfffffff]
[    0.000000] PM: Registered nosave memory: [mem 0xe0000000-0xfebfffff]
[    0.000000] PM: Registered nosave memory: [mem 0xfec00000-0xfec00fff]
[    0.000000] PM: Registered nosave memory: [mem 0xfec01000-0xfedfffff]
[    0.000000] PM: Registered nosave memory: [mem 0xfee00000-0xfee00fff]
[    0.000000] PM: Registered nosave memory: [mem 0xfee01000-0xfffbffff]
[    0.000000] PM: Registered nosave memory: [mem 0xfffc0000-0xffffffff]
[    0.000000] e820: [mem 0xe0000000-0xfebfffff] available for PCI devices
[    0.000000] Booting paravirtualized kernel on KVM
[    0.000000] clocksource: refined-jiffies: mask: 0xffffffff max_cycles: 0xffffffff, max_idle_ns: 7645519600211568 ns
[    0.000000] setup_percu: NR_CPUS:512 nnr_cpumask_bits:512 nr_cpu_ids:2 nr_node_ids:1
[    0.000000] PERCPU: Embedded 34 pges/cpu @ffff88011fc00000 s99480 r8192 d31592 u1048576
[    0.000000] Built 1 zonelists in Node order, mobility grouping on.  Total pages: 1032056
[    0.000000] Policy zone: Normal
[    0.000000] Kernel command line: BOOT_IMAGE=/boot/vmlinuz-4.40-148-generic root=LABEL=cloudimg-rootfs ro console=tty1 console=ttyS0
[    0.000000] PID hash table entries: 4096 (order: 3, 32768 bytes)
[    0.000000] Memory: 4028244K/4193848K available (8609K kernel code, 1334K rwdata, 4028K rodata, 1484K init, 1284K bss, 165604K reserved, 0K cma-reserved)
[    0.00000] SLUB: HWalign=64, Order=0-3, MinObjects=0, CPUs=2, Nodes=1
[    0.000000] Kernel/User page tables isolation: enabled
[    0.000000] Hierarchical RCU implementation.
[    0.000000] 	Build-time adjustment of leaf fanout to 64.
[    0.000000] 	RCU restricting CPUs from NR_CPUS=512 to nr_cpu_ids=2.
[    0.000000] RCU: Adjusting geometry for rcu_fanout_leaf=64, nr_cpu_ids=2
[    0.000000] NR_IRQS:33024 nr_irqs:440 16
[    0.000000] Console: colour VGA+ 80x25
[    0.000000] console [tty1] enabled
[    0.000000] console [ttyS0] enabled
[    0.000000] tsc: Detected 2660.000 MHz procesor
[    1.291310] Calibrating delay loop (skipped) preset value.. 5320.00 BogoMIPS (lpj=10640000)
[    1.296146] pid_max: default: 32768 minimum: 301
[    1.298305] ACPI: Core revision 20150930
[    1.302375] ACPI: 2 ACPI AML tables successfully acquired and loaded
[    1.306168] Security Framework initialized
[    1.308670] Yama: becoming mindful.
[    1.311141] AppArmor: AppArmor initialized
[    1.315943] Dentry cache hash table entries: 524288 (order: 10, 4194304 bytes)
[    1.333691] Inode-cache hash table entries: 262144 (order: 9, 2097152 bytes)
[    1.338177] Mount-cache hash table entries: 8192 (order: 4, 65536 bytes)
[    1.341271] Mountpoint-cache hash table entries: 8192 (order: 4, 65536 bytes)
[    1.347082] Initializing cgroup subsys io
[    1.349468] Initializing cgroup subsys memory
[    1.351760] Initializing cgroup subsys devices
[    1.354277] Initializing cgroup subsys freezer
[    1.356625] Initializing cgroup subsys net_cls
[    1.358880] Initializing cgroup subsys perf_event
[    1.361190] Initializing cgroup subsys net_prio
[    1.363437] Initializing cgroup subsys hugetlb
[    1.365795] Initializing cgroup subsys pids
[    1.368101] mce: CPU supports 0 MCE banks
[    1.370340] Last level iTLB entries: 4KB 128, 2MB 4, 4MB 4
[    1.372912] Last level dTLB entries: 4KB 256, 2MB 0, 4MB 32, 1GB 0
[    1.375733] Spectre V2 : Mitigation: Full generic retpoline
[    1.378431] Spectre V2 : Spectre v2 / SpectreRSB mitigation: Filling RSB on context switch
[    1.382450] Speculative Store Bypass: Vulnerable
[    1.386242] MDS: Vulnerable: Clear CPU buffers attempted, no microcode
[    1.395397] Freeing SMP alternatives memory: 36K
[    1.410903] ftrace: allocating 32293 entries in 127 pages
[    1.513723] smpboot: APIC(0) Converting physical 0 to logical package 0
[    1.516801] smpboot: Max logical packages: 1
[    1.519995] x2apic enabled
[    1.522424] Switched APIC routing to physical x2apic.
[    1.528124] ..TIMER: vector=0x30 apic1=0 pin1=2 apic2=-1 pin2=-1
[    1.631370] smpboot: CPU0: Intel(R) Xeon(R) CPU           X5355  @ 2.66GHz (family: 0x6, model: 0xf, stepping: 0xb)
[    1.637120] Performance Events: unsupported p6 CPU model 15 no PMU driver, software events only.
[    1.789363] KVM setup paravirtual spinlock
[    1.794903] x86: Booting SMP configuration:
[    1.797168] .... node  #0, CPUs:      #1
[    1.799522] kvm-clock: cpu 1, msr 1:1ffef041, secondary cpu clock
[    1.801219] mce: CPU supports 0 MCE banks
[    1.810843] x86: Booted up 1 node, 2 CPUs
[    1.815823] smpboot: Total of 2 processors activated (10640.00 BogoMIPS)
[    1.827667] devtmpfs: initialized
[    1.833142] evm: security.selinux
[    1.835287] evm: security.SMACK64
[    1.837342] evm: security.SMACK64EXEC
[    1.839346] evm: security.SMACK64TRANSMUTE
[    1.841526] evm: security.SMACK64MMAP
[    1.850286] evm: security.ima
[    1.852614] evm: security.capability
[    1.855147] clocksource: jiffies: mask: 0xffffffff max_cycles: 0xffffffff, max_idle_ns: 7645041785100000 ns
[    1.860194] futex hash table entries: 512 (order: 3, 32768 bytes)
[    1.864184] pinctrl core: initialized pinctrl subsystem
[    1.868119] RTC time:  1:37:12, date: 05/30/19
[    1.871434] NET: Registered protocol family 16
[    1.882209] cpuidle: using governor ladder
[    1.893982] cpuidle: using governor menu
[    1.896554] PCCT header not found.
[    1.898896] ACPI: bus type PCI registered
[    1.901608] acpiphp: ACPI Hot Plug PCI Controller Driver version: 0.5
[    1.904934] PCI: Using configuration type 1 for base access
[    1.926962] ACPI: Added _OSI(Module Device)
[    1.932454] ACPI: Added _OSI(Processor Device)
[    1.935033] ACPI: Added _OSI(3.0 _SCP Extensions)
[    1.937662] ACPI: Added _OSI(Processor Aggregator Device)
[    1.942376] ACPI: Executed 1 blocks of module-level executable AML code
[    1.950054] ACPI: Interpreter enabled
[    1.952217] ACPI: (supports S0 S5)
[    1.954591] ACPI: Using IOAPIC for interrupt routing
[    1.964855] PCI: Using host bridge windows from ACPI; if necessary, use "pci=nocrs" and report a bug
[    1.976580] ACPI: PCI Root Bridge [PCI0] (domain 0000 [bus 00-ff])
[    1.980421] acpi PNP0A03:00: _OSC: OS supports [ASPM ClockPM Segments MSI]
[    1.984105] acpi PNP0A03:00: _OSC: not requesting OS control; OS requires [ExtendedConfig ASPM ClockPM MSI]
[    1.996741] acpi PNP0A03:00: fail to add MMCONFIG information, can't access extended PCI configuration space under this bridge.
[    2.003731] PCI host bridge to bus 0000:00
[    2.006241] pci_bus 0000:00: root bus resource [io  0x0000-0x0cf7 window]
[    2.011869] pci_bus 0000:00: root bus resource [io  0x0d00-0xffff window]
[    2.016967] pci_bus 0000:00: root bus resource [mem 0x000a0000-0x000bffff window]
[    2.021090] pci_bus 0000:00: root bus resource [mem 0xe0000000-0xfdffffff window]
[    2.025298] pci_bus 0000:00: root bus resource [bus 00-ff]
[    2.031397] pci 0000:00:01.1: legacy IDE quirk: reg 0x10: [io  0x01f0-0x01f7]
[    2.066940] pci 0000:00:01.1: legacy IDE quirk: reg 0x14: [io  0x03f6]
[    2.069968] pci 0000:00:01.1: legacy IDE quirk: reg 0x18: [io  0x0170-0x0177]
[    2.075107] pci 0000:00:01.1: legacy IDE quirk: reg 0x1c: [io  0x0376]
[    2.338252] pci 0000:00:07.0: quirk: [io  0x4000-0x403f] claimed by PIIX4 ACPI
[    2.343301] pci 0000:00:07.0: quirk: [io  0x4100-0x410f] claimed by PIIX4 SMB
[    2.452857] ACPI: PCI Interrupt Link [LNKA] (IRQs 5 9 10 *11)
[    2.458130] ACPI: PCI Interrupt Link [LNKB] (IRQs 5 9 *10 11)
[    2.462277] ACPI: PCI Interrupt Link [LNKC] (IRQs 5 *9 10 11)
[    2.466321] ACPI: PCI Interrupt Link [LNKD] (IRQs 5 9 10 *11)
[    2.484494] ACPI: Enabled 2 GPEs in block 00 to 07
[    2.491192] vgaarb: setting as boot device: PCI:0000:00:02.0
[    2.494054] vgaarb: device added: PCI:0000:00:02.0,decodes=io+mem,owns=io+mem,locks=none
[    2.498378] vgaarb: loaded
[    2.500055] vgaarb: bridge control possible 0000:00:02.0
[    2.503755] SCSI subsystem initialized
[    2.506923] ACPI: bus type USB registered
[    2.509471] usbcore: registered new interface driver usbfs
[    2.512177] usbcore: registered new interface driver hub
[    2.514886] usbcore: registered new device driver usb
[    2.518846] PCI: Using ACPI for IRQ routing
[    2.522374] NetLabel: Initializing
[    2.524640] NetLabel:  domain hash size = 128
[    2.527071] NetLabel:  protocols = UNLABELED CIPSOv4
[    2.529412] NetLabel:  unlabeled traffic allowed by default
[    2.532602] amd_nb: Cannot enumerate AMD northbridges
[    2.535484] clocksource: Switched to clocksource kvm-clock
[    2.558416] AppArmor: AppArmor Filesystem Enabled
[    2.561297] pnp: PnP ACPI init
[    2.564743] pnp: PnP ACPI: found 3 devices
[    2.575663] clocksource: acpi_pm: mask: 0xffffff max_cycles: 0xffffff, max_idle_ns: 2085701024 ns
[    2.584135] NET: Registered protocol family 2
[    2.587408] TCP established hash table entries: 32768 (order: 6, 262144 bytes)
[    2.591676] TCP bind hash table entries: 32768 (order: 7, 524288 bytes)
[    2.595767] TCP: Hash tables configured (established 32768 bind 32768)
[    2.600671] UDP hash table entries: 2048 (order: 4, 65536 bytes)
[    2.603534] UDP-Lite hash table entries: 2048 (order: 4, 65536 bytes)
[    2.606524] NET: Registered protocol family 1
[    2.609308] pci 0000:00:00.0: Limiting direct PCI/PCI transfers
[    2.612709] pci 0000:00:01.0: Activating ISA DMA hang workarounds
[    2.616036] Unpacking initramfs...
[    2.950874] Freeing initrd memory: 14828K
[    2.953546] PCI-DMA: Using software bounce buffering for IO (SWIOTLB)
[    2.956401] software IO TLB: mapped [mem 0xdbff0000-0xdfff0000] (64MB)
[    2.959695] clocksource: tsc: mask: 0xffffffffffffffff max_cycles: 0x2657a4005d1, max_idle_ns: 440795292677 ns
[    2.964565] platform rtc_cmos: registered platform RTC device (no PNP device found)
[    2.968948] Scanning for low memory corruption every 60 seconds
[    2.972422] audit: initializing netlink subsys (disabled)
[    2.975159] audit: type=2000 audit(1559180240.399:1): initialized
[    2.978537] Initialise system trusted keyring
[    2.981345] HugeTLB registered 2 MB page size, pre-allocated 0 pages
[    2.986679] zbud: loaded
[    2.989021] VFS: Disk quotas dquot_6.6.0
[    2.991238] VFS: Dquot-cache hash table entries: 512 (order 0, 4096 bytes)
[    2.994710] squashfs: version 4.0 (2009/01/31) Phillip Lougher
[    2.998080] fuse init (API version 7.23)
[    3.000426] Key type big_key registered
[    3.002722] Allocating IMA MOK and blacklist keyrings.
[    3.008752] Key type asymmetric registered
[    3.011135] Asymmetric key parser 'x509' registered
[    3.014082] Block layer SCSI generic (bsg) driver version 0.4 loaded (major 249)
[    3.019179] io scheduler noop registered
[    3.021721] io scheduler deadline registered (default)
[    3.024856] io scheduler cfq registered
[    3.027637] pci_hotplug: PCI Hot Plug PCI Core version: 0.5
[    3.032265] pciehp: PCI Express Hot Plug Controller Driver version: 0.4
[    3.037800] ACPI: AC Adapter [AC] (on-line)
[    3.040283] input: Power Button as /devices/LNXSYSTM:00/LNXPWRBN:00/input/input0
[    3.044263] ACPI: Power Button [PWRF]
[    3.046587] input: Sleep Button as /devices/LNXSYSTM:00/LNXSLPBN:00/input/input1
[    3.050700] ACPI: Sleep Button [SLPF]
[    3.053192] GHES: HEST is not enabled!
[    3.055409] Serial: 8250/16550 driver, 32 ports, IRQ sharing enabled
[    3.083983] 00:02: ttyS0 at I/O 0x3f8 (irq = 4, base_baud = 115200) is a 16550A
[    3.093221] Linux agpgart interface v0.103
[    3.099964] loop: module loaded
[    3.104041] scsi host0: ata_piix
[    3.107400] scsi host1: ata_piix
[    3.111518] ata1: PATA max UDMA/33 cmd 0x1f0 ctl 0x3f6 bmdma 0xd000 irq 14
[    3.115006] ata2: PATA max UDMA/33 cmd 0x170 ctl 0x376 bmdma 0xd008 irq 15
[    3.120369] libphy: Fixed MDIO Bus: probed
[    3.124368] tun: Universal TUN/TAP device driver, 1.6
[    3.128442] tun: (C) 1999-2004 Max Krasnyansky <maxk@qualcomm.com>
[    3.131379] PPP generic driver version 2.4.2
[    3.134440] ehci_hcd: USB 2.0 'Enhanced' Host Controller (EHCI) Driver
[    3.138595] ehci-pci: EHCI PCI platform driver
[    3.141289] ehci-platform: EHCI generic platform driver
[    3.143839] ohci_hcd: USB 1.1 'Open' Host Controller (OHCI) Driver
[    3.149284] ohci-pci: OHCI PCI platform driver
[    3.151718] ohci-platform: OHCI generic platform driver
[    3.154505] uhci_hcd: USB Universal Host Controller Interface driver
[    3.158309] i8042: PNP: PS/2 Controller [PNP0303:PS2K,PNP0f03:PS2M] at 0x60,0x64 irq 1,12
[    3.172748] serio: i8042 KBD port at 0x60,0x64 irq 1
[    3.175569] serio: i8042 AUX port at 0x60,0x64 irq 12
[    3.178561] mousedev: PS/2 mouse device common for all mice
[    3.183782] rtc_cmos rtc_cmos: rtc core: registered rtc_cmos as rtc0
[    3.187284] input: AT Translated Set 2 keyboard as /devices/platform/i8042/serio0/input/input2
[    3.192565] rtc_cmos rtc_cmos: alarms up to one day, 114 bytes nvram
[    3.195790] i2c /dev entries driver
[    3.197851] device-mapper: uevent: version 1.0.3
[    3.200707] device-mapper: ioctl: 4.34.0-ioctl (2015-10-28) initialised: dm-devel@redhat.com
[    3.205553] ledtrig-cpu: registered to indicate activity on CPUs
[    3.209845] NET: Registered protocol family 10
[    3.213630] NET: Registered protocol family 17
[    3.216020] Key type dns_resolver registered
[    3.219880] registered taskstats version 1
[    3.222043] Loading compiled-in X.509 certificates
[    3.225583] Loaded X.509 cert 'Build time autogenerated kernel key: 5103689f9da3e841c6100f8bb032b132cf76e38d'
[    3.230135] zswap: loaded using pool lzo/zbud
[    3.255238] Key type trusted registered
[    3.297659] Key type encrypted registered
[    3.299784] AppArmor: AppArmor sha1 policy hashing enabled
[    3.302187] ima: No TPM chip found, activating TPM-bypass!
[    3.304829] ima: Allocated hash algorithm: sha1
[    3.307167] evm: HMAC attrs: 0x1
[    3.309693]   Magic number: 3:931:610
[    3.311905] rtc_cmos rtc_cmos: setting system clock to 2019-05-30 01:37:14 UTC (1559180234)
[    3.316284] BIOS EDD facility v0.16 2004-Jun-25, 0 devices found
[    3.319284] EDD information not available.
[    3.329294] Freeing unused kernel memory: 1484K
[    3.892923] Write protecting the kernel read-only data: 14336k
[    3.914348] Freeing unused kernel memory: 1620K
[    3.917268] Freeing unused kernel memory: 68K
Loading, please wait...
starting version 229
[    4.132863] random: systemd-udevd: uninitialized urandom read (16 bytes read, 3 bits of entropy available)
[    4.143089] random: systemd-udevd: uninitialized urandom read (16 bytes read, 3 bits of entropy available)
[    4.148919] random: udevadm: uninitialized urandom read (16 bytes read, 3 bits of entropy available)
[    4.149186] random: udevadm: uninitialized urandom read (16 bytes read, 3 bits of entropy available)
[    4.186664] random: systemd-udevd: uninitialized urandom read (16 bytes read, 3 bits of entropy available)
[    4.192859] random: systemd-udevd: uninitialized urandom read (16 bytes read, 3 bits of entropy available)
[    4.230349] random: systemd-udevd: uninitialized urandom read (16 bytes read, 3 bits of entropy available)
[    4.236421] random: systemd-udevd: uninitialized urandom read (16 bytes read, 3 bits of entropy available)
[    4.242617] random: systemd-udevd: uninitialized urandom read (16 bytes read, 3 bits of entropy available)
[    4.254474] random: systemd-udevd: uninitialized urandom read (16 bytes read, 3 bits of entropy available)
[    4.730273] e1000: Intel(R) PRO/1000 Network Driver - version 7.3.21-k8-NAPI
[    4.734001] e1000: Copyright (c) 1999-2006 Intel Corporation.
[    4.750975] Fusion MPT base driver 3.04.20
[    4.759542] Copyright (c) 1999-2008 LSI Corporation
[    4.794793] Fusion MPT SPI Host driver 3.04.20
[    5.002313] input: ImExPS/2 Generic Explorer Mouse as /devices/platform/i8042/serio1/input/input4
[    5.563424] e1000 0000:00:03.0 eth0: (PCI:33MHz:32-bit) 02:5b:c0:ee:75:0a
[    5.566883] e1000 0000:00:03.0 eth0: Intel(R) PRO/1000 Network Connection
[    5.572807] mptbase: ioc0: Initiating bringup
[    5.578072] e1000 0000:00:03.0 enp0s3: renamed from eth0
[    6.353003] ioc0: LSI53C1030 A0: Capabilities={Initiator}
[    7.520839] scsi host2: ioc0: LSI53C1030 A0, FwRev=00000000h, Ports=1, MaxQ=256, IRQ=20
[    8.019983] scsi 2:0:0:0: Direct-Access     VBOX     HARDDISK         1.0  PQ: 0 ANSI: 5
[    8.024105] scsi target2:0:0: Beginning Domain Validation
[    8.028685] scsi target2:0:0: Domain Validation skipping write tests
[    8.031673] scsi target2:0:0: Ending Domain Validation
[    8.034514] scsi target2:0:0: asynchronous
[    8.037844] scsi 2:0:1:0: Direct-Access     VBOX     HARDDISK         1.0  PQ: 0 ANSI: 5
[    8.044092] scsi target2:0:1: Beginning Domain Validation
[    8.081621] scsi target2:0:1: Domain Validation skipping write tests
[    8.504533] scsi target2:0:1: Ending Domain Validation
[    8.507162] scsi target2:0:1: asynchronous
[    8.525458] sd 2:0:0:0: [sda] 20971520 512-byte logical blocks: (10.7 GB/10.0 GiB)
[    8.530157] sd 2:0:0:0: Attached scsi generic sg0 type 0
[    8.530792] sd 2:0:0:0: [sda] Write Protect is off
[    8.541859] sd 2:0:0:0: [sda] Incomplete mode parameter data
[    8.542673] sd 2:0:1:0: [sdb] 20480 512-byte logical blocks: (10.5 MB/10.0 MiB)
[    8.543161] sd 2:0:1:0: [sdb] Write Protect is off
[    8.543337] sd 2:0:1:0: [sdb] Incomplete mode parameter data
[    8.543339] sd 2:0:1:0: [sdb] Assuming drive cache: write through
[    8.550552] sd 2:0:1:0: Attached scsi generic sg1 type 0
[    8.569373] sd 2:0:0:0: [sda] Assuming drive cache: write through
[    8.591937]  sda: sda1
[    8.595879] sd 2:0:0:0: [sda] Attached SCSI disk
[    8.610148] sd 2:0:1:0: [sdb] Attached SCSI disk
Begin: Loading essential drivers ... [   11.621662] md: linear personality registered for level -1
[   11.655542] md: multipath personality registered for level -4
[   11.690460] md: raid0 personality registered for level 0
[   11.731178] md: raid1 personality registered for level 1
[   11.836189] raid6: sse2x1   gen()  2660 MB/s
[   11.908518] raid6: sse2x1   xor()  3312 MB/s
[   11.979708] raid6: sse2x2   gen()  4280 MB/s
[   12.048006] raid6: sse2x2   xor()  4745 MB/s
[   12.121162] raid6: sse2x4   gen()  7688 MB/s
[   12.192441] raid6: sse2x4   xor()  5749 MB/s
[   12.194771] raid6: using algorithm sse2x4 gen() 7688 MB/s
[   12.197304] raid6: .... xor() 5749 MB/s, rmw enabled
[   12.199785] raid6: using ssse3x2 recovery algorithm
[   12.205244] xor: measuring software checksum speed
[   12.244184]    prefetch64-sse: 14603.000 MB/sec
[   12.284311]    generic_sse:  9732.000 MB/sec
[   12.286572] xor: using function: prefetch64-sse (14603.000 MB/sec)
[   12.293164] async_tx: api initialized (async)
[   12.341929] md: raid6 personality registered for level 6
[   12.345827] md: raid5 personality registered for level 5
[   12.356015] md: raid4 personality registered for level 4
[   12.446497] md: raid10 personality registered for level 10
done.
Begin: Running /scripts/init-premount ... done.
Begin: Mounting root file system ... Begin: Running /scripts/local-top ... done.
Begin: Running /scripts/local-premount ... [   12.687724] Btrfs loaded
Scanning for Btrfs filesystems
done.
Warning: fsck not present, so skipping root file system
[   12.979056] EXT4-fs (sda1): mounted filesystem with ordered data mode. Opts: (null)
done.
Begin: Running /scripts/local-bottom ... done.
Begin: Running /scripts/init-bottom ... done.
[   13.871107] random: nonblocking pool is initialized
[   14.203842] systemd[1]: systemd 229 running in system mode. (+PAM +AUDIT +SELINUX +IMA +APPARMOR +SMACK +SYSVINIT +UTMP +LIBCRYPTSETUP +GCRYPT +GNUTLS +ACL +XZ -LZ4 +SECCOMP +BLKID +ELFUTILS +KMOD -IDN)
[   14.213290] systemd[1]: Detected virtualization oracle.
[   14.215849] systemd[1]: Detected architecture x86-64.

Welcome to [1mUbuntu 16.04.6 LTS[0m!

[   14.270578] systemd[1]: Set hostname to <ubuntu>.
[   14.315491] systemd[1]: Initializing machine ID from random generator.
[   14.318604] systemd[1]: Installed transient /etc/machine-id file.
[   15.648193] systemd[1]: Listening on LVM2 poll daemon socket.
[[0;32m  OK  [0m] Listening on LVM2 poll daemon socket.
[   15.668583] systemd[1]: Listening on udev Kernel Socket.
[[0;32m  OK  [0m] Listening on udev Kernel Socket.
[   15.673561] systemd[1]: Reached target User and Group Name Lookups.
[[0;32m  OK  [0m] Reached target User and Group Name Lookups.
[   15.686551] systemd[1]: Reached target Encrypted Volumes.
[[0;32m  OK  [0m] Reached target Encrypted Volumes.
[   15.700691] systemd[1]: Reached target Swap.
[[0;32m  OK  [0m] Reached target Swap.
[   15.705372] systemd[1]: Started Forward Password Requests to Wall Directory Watch.
[[0;32m  OK  [0m] Started Forward Password Requests to Wall Directory Watch.
[   15.712695] systemd[1]: Listening on Journal Socket (/dev/log).
[[0;32m  OK  [0m] Listening on Journal Socket (/dev/log).
[   15.718936] systemd[1]: Listening on Device-mapper event daemon FIFOs.
[[0;32m  OK  [0m] Listening on Device-mapper event daemon FIFOs.
[   15.724327] systemd[1]: Reached target System Time Synchronized.
[[0;32m  OK  [0m] Reached target System Time Synchronized.
[   15.731604] systemd[1]: Created slice User and Session Slice.
[[0;32m  OK  [0m] Created slice User and Session Slice.
[   15.737101] systemd[1]: Listening on Journal Socket.
[[0;32m  OK  [0m] Listening on Journal Socket.
[   15.743367] systemd[1]: Created slice System Slice.
[[0;32m  OK  [0m] Created slice System Slice.
[   15.764312] systemd[1]: Mounting Debug File System...
         Mounting Debug File System...
[   15.780107] systemd[1]: Starting Remount Root and Kernel File Systems...
         Starting Remount Root and Kernel File Systems...
[   15.806455] systemd[1]: Mounting POSIX Message Queue File System...
         Mounting POSIX Message Queue File System...
[   15.857356] systemd[1]: Reached target Slices.
[[0;32m  OK  [0m] Reached target Slices.
[   15.948159] EXT4-fs (sda1): re-mounted. Opts: (null)
[   15.966283] systemd[1]: Starting Uncomplicated firewall...
         Starting Uncomplicated firewall...
[   15.997195] systemd[1]: Listening on LVM2 metadata daemon socket.
[[0;32m  OK  [0m] Listening on LVM2 metadata daemon socket.
[   16.041483] systemd[1]: Starting Monitoring of LVM2 mirrors, snapshots etc. using dmeventd or progress polling...
         Starting Monitoring of LVM2 mirrors... dmeventd or progress polling...
[   16.097464] systemd[1]: Starting Load Kernel Modules...
         Starting Load Kernel Modules...
[   16.111614] systemd[1]: Listening on Syslog Socket.
[[0;32m  OK  [0m] Listening on Syslog Socket.
[   16.137051] systemd[1]: Starting Set console keymap...
         Starting Set console keymap...
[   16.150633] systemd[1]: Listening on udev Control Socket.
[[0;32m  OK  [0m] Listening on udev Control Socket.
[   16.159992] systemd[1]: Listening on /dev/initctl Compatibility Named Pipe.
[[0;32m  OK  [0m] Listening on /dev/initctl Compatibility Named Pipe.
[   16.166859] systemd[1]: Started Trigger resolvconf update for networkd DNS.
[[0;32m  OK  [0m] Started Trigger resolvconf update for networkd DNS.
[   16.187661] systemd[1]: Starting Create list of required static device nodes for the current kernel...
         Starting Create list of required st... nodes for the current kernel...
[   16.222030] systemd[1]: Set up automount Arbitrary Executable File Formats File System Automount Point.
[[0;32m  OK  [0m] Set up automount Arbitrary Executab...ats File System Automount Point.
[   16.274833] systemd[1]: Created slice system-serial\x2dgetty.slice.
[[0;32m  OK  [0m] Created slice system-serial\x2dgetty.slice.
[   16.304746] systemd[1]: Starting Nameserver information manager...
         Starting Nameserver information manager...
[   16.323310] systemd[1]: Listening on Journal Audit Socket.
[[0;32m  OK  [0m] Listening on Journal Audit Socket.
[   16.387050] Loading iSCSI transport class v2.0-870.
[   16.389052] systemd[1]: Starting Journal Service...
         Starting Journal Service...
[   16.456279] systemd[1]: Mounting Huge Pages File System...
         Mounting Huge Pages File System...
[   16.474077] iscsi: registered transport (tcp)
[   16.521323] systemd[1]: Mounted POSIX Message Queue File System.
[[0;32m  OK  [0m] Mounted POSIX Message Queue File System.
[   16.533240] systemd[1]: Mounted Huge Pages File System.
[[0;32m  OK  [0m] Mounted Huge Pages File System.
[   16.542241] systemd[1]: Mounted Debug File System.
[[0;32m  OK  [0m] Mounted Debug File System.
[   16.552080] systemd[1]: Started Remount Root and Kernel File Systems.
[[0;32m  OK  [0m] Started Remount Root and Kernel File Systems.
[   16.565760] systemd[1]: Started Uncomplicated firewall.
[[0;32m  OK  [0m] Started Uncomplicated firewall.
[   16.575670] systemd[1]: Started Create list of required static device nodes for the current kernel.
[[0;32m  OK  [0m] Started Create list of required sta...ce nodes for the current kernel.
[   16.746400] systemd[1]: Started Nameserver information manager.
[[0;32m  OK  [0m] Started Nameserver information manager.
[   16.836520] iscsi: registered transport (iser)
[   16.847783] systemd[1]: Started Load Kernel Modules.
[[0;32m  OK  [0m] Started Load Kernel Modules.
[   17.013109] systemd[1]: Started Journal Service.
[[0;32m  OK  [0m] Started Journal Service.
         Mounting FUSE Control File System...
         Starting Apply Kernel Variables...
[[0;32m  OK  [0m] Started LVM2 metadata daemon.
         Starting Create Static Device Nodes in /dev...
         Starting Load/Save Random Seed...
         Starting udev Coldplug all Devices...
         Starting Flush Journal to Persistent Storage...
[[0;32m  OK  [0m] Mounted FUSE Control File System.
[[0;32m  OK  [0m] Started Apply Kernel Variables.
[[0;32m  OK  [0m] Started Load/Save Random Seed.
[[0;32m  OK  [0m] Started Set console keymap.
[[0;32m  OK  [0m] Started Monitoring of LVM2 mirrors,...ng dmeventd or progress polling.
[[0;32m  OK  [0m] Started Flush Journal to Persistent Storage.
[[0;32m  OK  [0m] Started Create Static Device Nodes in /dev.
         Starting udev Kernel Device Manager...
[[0;32m  OK  [0m] Reached target Local File Systems (Pre).
[[0;32m  OK  [0m] Reached target Local File Systems.
         Starting Tell Plymouth To Write Out Runtime Data...
         Starting Set console font and keymap...
         Starting LSB: AppArmor initialization...
         Starting Initial cloud-init job (pre-networking)...
         Starting Commit a transient machine-id on disk...
         Starting Create Volatile Files and Directories...
[[0;32m  OK  [0m] Started Tell Plymouth To Write Out Runtime Data.
[[0;32m  OK  [0m] Started Commit a transient machine-id on disk.
[[0;32m  OK  [0m] Started Create Volatile Files and Directories.
         Starting Update UTMP about System Boot/Shutdown...
[[0;32m  OK  [0m] Started udev Kernel Device Manager.
[[0;32m  OK  [0m] Started udev Coldplug all Devices.
[[0;32m  OK  [0m] Started Dispatch Password Requests to Console Directory Watch.
[[0;32m  OK  [0m] Started Update UTMP about System Boot/Shutdown.
[[0;32m  OK  [0m] Found device /dev/ttyS0.
[[0;32m  OK  [0m] Listening on Load/Save RF Kill Switch Status /dev/rfkill Watch.
[[0;32m  OK  [0m] Started Set console font and keymap.
[[0;32m  OK  [0m] Created slice system-getty.slice.
[[0;32m  OK  [0m] Started LSB: AppArmor initialization.
[   26.712795] cloud-init[456]: Cloud-init v. 18.5-45-g3554ffe8-0ubuntu1~16.04.1 running 'init-local' at Thu, 30 May 2019 01:37:37 +0000. Up 24.41 seconds.
[[0;32m  OK  [0m] Started Initial cloud-init job (pre-networking).
[[0;32m  OK  [0m] Reached target Network (Pre).
         Starting Raise network interfaces...
[[0;32m  OK  [0m] Started Raise network interfaces.
         Starting Initial cloud-init job (metadata service crawler)...
[[0;32m  OK  [0m] Reached target Network.
[   36.065812] cloud-init[919]: Cloud-init v. 18.5-45-g3554ffe8-0ubuntu1~16.04.1 running 'init' at Thu, 30 May 2019 01:37:43 +0000. Up 31.03 seconds.
[   36.141998] cloud-init[919]: ci-info: ++++++++++++++++++++++++++++++++++++++Net device info++++++++++++++++++++++++++++++++++++++
[   36.171164] cloud-init[919]: ci-info: +--------+------+----------------------------+---------------+--------+-------------------+
[   36.187599] cloud-init[919]: ci-info: | Device |  Up  |          Address           |      Mask     | Scope  |     Hw-Address    |
[   36.210924] cloud-init[919]: ci-info: +--------+------+----------------------------+---------------+--------+-------------------+
[   36.216392] cloud-init[919]: ci-info: | enp0s3 | True |         10.0.2.15          | 255.255.255.0 | global | 02:5b:c0:ee:75:0a |
[   36.242597] cloud-init[919]: ci-info: | enp0s3 | True | fe80::5b:c0ff:feee:750a/64 |       .       |  link  | 02:5b:c0:ee:75:0a |
[   36.267495] cloud-init[919]: ci-info: |   lo   | True |         127.0.0.1          |   255.0.0.0   |  host  |         .         |
[   36.293223] cloud-init[919]: ci-info: |   lo   | True |          ::1/128           |       .       |  host  |         .         |
[   36.303577] cloud-init[919]: ci-info: +--------+------+----------------------------+---------------+--------+-------------------+
[   36.310458] cloud-init[919]: ci-info: +++++++++++++++++++++++++++Route IPv4 info++++++++++++++++++++++++++++
[   36.318564] cloud-init[919]: ci-info: +-------+-------------+----------+---------------+-----------+-------+
[   36.326622] cloud-init[919]: ci-info: | Route | Destination | Gateway  |    Genmask    | Interface | Flags |
[   36.335182] cloud-init[919]: ci-info: +-------+-------------+----------+---------------+-----------+-------+
[   36.342119] cloud-init[919]: ci-info: |   0   |   0.0.0.0   | 10.0.2.2 |    0.0.0.0    |   enp0s3  |   UG  |
[   36.349344] cloud-init[919]: ci-info: |   1   |   10.0.2.0  | 0.0.0.0  | 255.255.255.0 |   enp0s3  |   U   |
[   36.354264] cloud-init[919]: ci-info: +-------+-------------+----------+---------------+-----------+-------+
[   36.358979] cloud-init[919]: ci-info: +++++++++++++++++++Route IPv6 info+++++++++++++++++++
[   36.376690] cloud-init[919]: ci-info: +-------+-------------+---------+-----------+-------+
[   36.381295] cloud-init[919]: ci-info: | Route | Destination | Gateway | Interface | Flags |
[   36.414008] cloud-init[919]: ci-info: +-------+-------------+---------+-----------+-------+
[   36.428244] cloud-init[919]: ci-info: |   0   |  fe80::/64  |    ::   |   enp0s3  |   U   |
[   36.447401] cloud-init[919]: ci-info: |   4   |   ff00::/8  |    ::   |   enp0s3  |   U   |
[   36.487276] cloud-init[919]: ci-info: +-------+-------------+---------+-----------+-------+
[   36.517945] cloud-init[919]: Generating public/private rsa key pair.
[   36.529679] cloud-init[919]: Your identification has been saved in /etc/ssh/ssh_host_rsa_key.
[   36.536329] [[0;32m  OK  [0m] Started Initial cloud-init job (metadata service crawler).
cloud-init[919]: Your public key has been saved in /etc/ssh/ssh_host_rsa_key.pub.[
[0;32m  OK  [0m] Reached target System Initialization.
[   36.572924] [[0;32m  OK  [0m] Started ACPI Events Check.
[cloud-init[0;32m  OK  [0m[919]: ] The key fingerprint is:Reached target Paths.

[   36.604488] [cloud-init[0;32m  OK  [0m[919]: ] SHA256:I2W16SSMGkoY2R3yOtkcxVsQCET/DwUL7ysUrAsjpR8 root@ubuntu-xenialStarted Daily apt download activities.

[   36.605845] cloud-init[919]: The key's randomart image is:
[   36.677370]          Starting Socket activation for snappy daemon.
cloud-init[919]: +---[RSA 2048]----+
[[0;32m  OK  [0m] Listening on D-Bus System Message Bus Socket.
[   36.723135] cloud-init[919]: |.==oo+=o  .      |
[   36.735372] [[0;32m  OK  [0m] Started Daily apt upgrade and clean activities.
cloud-init[919]: |.o.=o+.=.. o     |
[   36.749141] cloud-init[919]: |. o B +o* +      |
[   36.755786] cloud-init[919]: | + B B.+ +       |
[   36.761283] cloud-init[919]: |= E = = S .      |
         Starting LXD - unix socket.
[[0;32m  OK  [0m] Listening on ACPID Listen Socket.
[[0;32m  OK  [0m] Started Daily Cleanup of Temporary Directories.
[[0;32m  OK  [0m] Reached target Timers.
[[0;32m  OK  [0m] Listening on UUID daemon activation socket.
[   36.783436] cloud-init[919]: |.+ =   = .       |
[[0;32m  OK  [0m] Reached target Cloud-config availability.
[[0;32m  OK  [0m] Reached target Network is Online.
[   36.823932] cloud-init[919]: |  o . . .        |
[   36.904432] cloud-init[919]: |     .           |
[   36.910911] cloud-init[919]: |                 |
[   36.916051] cloud-init[919]: +----[SHA256]-----+
         Starting iSCSI initiator daemon (iscsid)...
[   36.945382] cloud-init[919]: Generating public/private dsa key pair.
[   36.985374] [[0;32m  OK  [0m] Listening on Socket activation for snappy daemon.
cloud-init[919]: Your identification has been saved in /etc/ssh/ssh_host_dsa_key.
[[0;32m  OK  [0m] Listening on LXD - unix socket.
[   37.005232] cloud-init[919]: Your public key has been saved in /etc/ssh/ssh_host_dsa_key.pub.
[   37.019162] cloud-init[919]: The key fingerprint is:
[   37.022646] cloud-init[919]: SHA256:rr8LpMSFxmFGpbEDV4yYNBEYJep8N5Jdz8XVrhF62QY root@ubuntu-xenial
[   37.028384] cloud-init[919]: The key's randomart image is:
[   37.077388] cloud-init[919]: +---[DSA 1024]----+
[   37.078546] cloud-init[919]: |o=B*B=o      ..  |
[[0;32m  OK  [0m] Reached target Sockets.
[[0;32m  OK  [0m] Reached target Basic System.
[   37.080985] cloud-init[919]: |o.oB.*.   . .E . |
[   37.152109] cloud-init[919]: |.   B ..   o. *  |
[   37.158473] cloud-init[919]: |o  ooo. o .. + + |
         Starting Accounts Service...[   37.188449] cloud-init[919]: | o +o+. So  . +  |
[   37.193583] cloud-init[919]: |  ..oo..     .   |
[   37.194777] cloud-init[919]: |    . . .        |
[   37.195795] cloud-init[919]: |       o         |
[   37.196454] cloud-init[919]: |      ..+o       |
[   37.201300] cloud-init[919]: +----[SHA256]-----+

[   37.201922] cloud-init[919]: Generating public/private ecdsa key pair.
[   37.228738] cloud-init[919]: Your identification has been saved in /etc/ssh/ssh_host_ecdsa_key.
[[   37.259543] cloud-init[919]: Your public key has been saved in /etc/ssh/ssh_host_ecdsa_key.pub.
[   37.260484] cloud-init[919]: The key fingerprint is:
[0;32m  OK  [0m[   37.263074] cloud-init[919]: SHA256:hWbYeDHq7knTg7jAVFP7Icl1v5Bqch9NxcFsuc/HEMs root@ubuntu-xenial
] Started Regular background program processing daemon.
[   37.271612] cloud-init[919]: The key's randomart image is:
[   37.280599] cloud-init[919]: +---[ECDSA 256]---+
[   37.285224] cloud-init[919]: |      . + .  +oo |
[   37.300937] cloud-init[919]: |     o O = o .B  |
[   37.303253] cloud-init[919]: |    o O B + oo + |
[   37.317647] cloud-init[919]: |   . o * + + .E  |
[   37.333609] cloud-init[919]: |  .   o S . o  = |
[   37.360525] cloud-init[919]: | o   o * . .    =|         Starting Pollinate to seed the pseudo random number generator...

[   37.374775] cloud-init[919]: |  o . = o .     .|
[   37.385933] cloud-init[919]: |   . + o .       |
[   37.405869] cloud-init[919]: |    . o          |
         Starting /etc/rc.local Compatibility...
[   37.461945] cloud-init[919]: +----[SHA256]-----+
[   37.492746] cloud-init[919]: Generating public/private ed25519 key pair.
[   37.497501] cloud-init[919]: Your identification has been saved in /etc/ssh/ssh_host_ed25519_key.
[   37.503014]          Starting LSB: MD monitoring daemon...
cloud-init[919]: Your public key has been saved in /etc/ssh/ssh_host_ed25519_key.pub.
[   37.516395] cloud-init[919]: The key fingerprint is:
[   37.540796] cloud-init[919]: SHA256:WulVYSy8hTdOWC9UaVP62vsQiwJtt1AK1UG2zlA/A6k root@ubuntu-xenial
[   37.551024] cloud-init[919]: The key's randomart image is:
[   37.573264] cloud-init[919]: +--[ED25519 256]--+
[   37.583225] cloud-init[919]: |         ..B@+.o.|
[   37.589310] cloud-init[919]: |         .==O*+. |
[[0;32m  OK  [0m] Started ACPI event daemon.
[   37.617692] cloud-init[919]: |        . .O=o*. |
[   37.619702] cloud-init[919]: |         +EB.. + |
[   37.620314] cloud-init[919]: |        S * + . .|
[   37.660363] cloud-init[919]: |       + + o o = |
         Starting Snappy daemon...
[   37.675628] cloud-init[919]: |      . . . o + .|
[   37.704951] cloud-init[919]: |           .   ..|
         Starting Login Service...
[   37.810209] cloud-init[919]: |               .o|
         Starting LSB: Record successful boot for GRUB...
[   37.867237] cloud-init[919]: +----[SHA256]-----+
[[0;32m  OK  [0m] Started Deferred execution scheduler.
[[0;32m  OK  [0m] Started Unattended Upgrades Shutdown.
[[0;32m  OK  [0m] Started D-Bus System Message Bus.
         Starting System Logging Service...
         Starting Virtualbox guest utils...
[[0;32m  OK  [0m] Started FUSE filesystem for LXC.
         Starting LXD - container startup/shutdown...
[[0;32m  OK  [0m] Started /etc/rc.local Compatibility.
[[0;32m  OK  [0m] Started iSCSI initiator daemon (iscsid).
[[0;32m  OK  [0m] Started Login Service.
         Starting Login to default iSCSI targets...
         Starting Authenticate and Authorize Users to Run Privileged Tasks...
[[0;32m  OK  [0m] Started System Logging Service.
[[0;32m  OK  [0m] Started LSB: Record successful boot for GRUB.
[[0;32m  OK  [0m] Started Authenticate and Authorize Users to Run Privileged Tasks.
[[0;32m  OK  [0m] Started Accounts Service.
[[0;32m  OK  [0m] Started LSB: MD monitoring daemon.
[[0;32m  OK  [0m] Started Login to default iSCSI targets.
[[0;32m  OK  [0m] Reached target Remote File Systems (Pre).
[[0;32m  OK  [0m] Reached target Remote File Systems.
         Starting Permit User Sessions...
         Starting LSB: Set the CPU Frequency Scaling governor to "ondemand"...
         Starting LSB: automatic crash report generation...
         Starting LSB: daemon to balance interrupts for SMP systems...
[[0;32m  OK  [0m] Started Permit User Sessions.
         Starting Hold until boot process finishes up...
         Starting Terminate Plymouth Boot Screen...
[[0;32m  OK  [0m] Started Hold until boot process finishes up.
[[0;32m  OK  [0m] Started Serial Getty on ttyS0.
[[0;32m  OK  [0m] Started Getty on tty1.
[[0;32m  OK  [0m] Reached target Login Prompts.
         Starting Set console scheme...
[[0;32m  OK  [0m] Started Terminate Plymouth Boot Screen.
[[0;32m  OK  [0m] Started Set console scheme.
[[0;32m  OK  [0m] Started LSB: Set the CPU Frequency Scaling governor to "ondemand".
[[0;32m  OK  [0m] Started LXD - container startup/shutdown.
[[0;32m  OK  [0m] Started Virtualbox guest utils.
[[0;32m  OK  [0m] Started LSB: daemon to balance interrupts for SMP systems.
[[0;32m  OK  [0m] Started LSB: automatic crash report generation.
[[0;32m  OK  [0m] Started Snappy daemon.
         Starting Wait until snapd is fully seeded...
[[0;32m  OK  [0m] Started Pollinate to seed the pseudo random number generator.
         Starting OpenBSD Secure Shell server...
[[0;32m  OK  [0m] Started OpenBSD Secure Shell server.
[[0;32m  OK  [0m] Created slice User Slice of vagrant.
         Starting User Manager for UID 1000...
[[0;32m  OK  [0m] Started Session 1 of user vagrant.

Ubuntu 16.04.6 LTS ubuntu-xenial ttyS0

ubuntu-xenial login: [   50.945656] cloud-init[1300]: Generating locales (this might take a while)...
[   56.139550] cloud-init[1300]:   en_US.UTF-8... done
[   56.143554] cloud-init[1300]: Generation complete.
[   59.078016] cloud-init[1300]: Cloud-init v. 18.5-45-g3554ffe8-0ubuntu1~16.04.1 running 'modules:config' at Thu, 30 May 2019 01:38:02 +0000. Up 49.73 seconds.
ci-info: no authorized ssh keys fingerprints found for user ubuntu.
<14>May 30 01:38:14 ec2: 
<14>May 30 01:38:14 ec2: #############################################################
<14>May 30 01:38:14 ec2: -----BEGIN SSH HOST KEY FINGERPRINTS-----
<14>May 30 01:38:14 ec2: 1024 SHA256:rr8LpMSFxmFGpbEDV4yYNBEYJep8N5Jdz8XVrhF62QY root@ubuntu-xenial (DSA)
<14>May 30 01:38:14 ec2: 256 SHA256:hWbYeDHq7knTg7jAVFP7Icl1v5Bqch9NxcFsuc/HEMs root@ubuntu-xenial (ECDSA)
<14>May 30 01:38:14 ec2: 256 SHA256:WulVYSy8hTdOWC9UaVP62vsQiwJtt1AK1UG2zlA/A6k root@ubuntu-xenial (ED25519)
<14>May 30 01:38:14 ec2: 2048 SHA256:I2W16SSMGkoY2R3yOtkcxVsQCET/DwUL7ysUrAsjpR8 root@ubuntu-xenial (RSA)
<14>May 30 01:38:14 ec2: -----END SSH HOST KEY FINGERPRINTS-----
<14>May 30 01:38:14 ec2: #############################################################
-----BEGIN SSH HOST KEY KEYS-----
ecdsa-sha2-nistp256 AAAAE2VjZHNhLXNoYTItbmlzdHAyNTYAAAAIbmlzdHAyNTYAAABBBD6va4srWcKR7M/Sc3BkyyK3BqijekWga2Xt4z+gRV2nARWBf0ncxNayuZ+ZKfWQiT9j5cfBRzonO2+ri+ZlkrQ= root@ubuntu-xenial
ssh-ed25519 AAAAC3NzaC1lZDI1NTE5AAAAIOdS+hUchNXGEAl7ETygBIzFu0HDDVCLQUJltQ0BcchO root@ubuntu-xenial
ssh-rsa AAAAB3NzaC1yc2EAAAADAQABAAABAQC7BypQOnTjWsWNqljP1Ht9b3P4GIClItVv+WqFj+MeAjB/8xtCAZSdAnOC5Wjkrkv8HcA33WQ3Pt0aryIS8fMPsk0FaKhdf5d0yI4p+t+KrD4aUx4Gu3SnX8tFf61OGaVgkReL0z1BPLM6K5eshcFl4Mj8xNfZ71+Pvh9AaOyF65STkE4wkK8o7WvDhsC90Hg/y6lx0saXUxsYc3xLdp/lm7yWd1bMraprVoQIsyiLKCG6IhifLyo5o193iu5Ybjod0yr/CE3S7dtDW+UI4jBpeTeZu629Ayz9Zc3aTs5e3l+3KE9Gu43JbOpxRL1VYD4GXR9SOCKbj3r/1TvLsgOX root@ubuntu-xenial
-----END SSH HOST KEY KEYS-----
[   62.479457] cloud-init[1506]: Cloud-init v. 18.5-45-g3554ffe8-0ubuntu1~16.04.1 running 'modules:final' at Thu, 30 May 2019 01:38:13 +0000. Up 60.82 seconds.
[   62.482164] cloud-init[1506]: ci-info: no authorized ssh keys fingerprints found for user ubuntu.
[   62.483355] cloud-init[1506]: Cloud-init v. 18.5-45-g3554ffe8-0ubuntu1~16.04.1 finished at Thu, 30 May 2019 01:38:15 +0000. Datasource DataSourceNoCloud [seed=/dev/sdb][dsmode=net].  Up 62.39 seconds
[ 2719.758068] e1000 0000:00:03.0 enp0s3: Detected Tx Unit Hang
[ 2719.758068]   Tx Queue             <0>
[ 2719.758068]   TDH                  <24>
[ 2719.758068]   TDT                  <26>
[ 2719.758068]   next_to_use          <26>
[ 2719.758068]   next_to_clean        <24>
[ 2719.758068] buffer_info[next_to_clean]
[ 2719.758068]   time_stamp           <10009378c>
[ 2719.758068]   next_to_watch        <25>
[ 2719.758068]   jiffies              <100093a16>
[ 2719.758068]   next_to_watch.status <0>
[ 2721.837969] e1000 0000:00:03.0 enp0s3: Detected Tx Unit Hang
[ 2721.837969]   Tx Queue             <0>
[ 2721.837969]   TDH                  <24>
[ 2721.837969]   TDT                  <26>
[ 2721.837969]   next_to_use          <26>
[ 2721.837969]   next_to_clean        <24>
[ 2721.837969] buffer_info[next_to_clean]
[ 2721.837969]   time_stamp           <10009378c>
[ 2721.837969]   next_to_watch        <25>
[ 2721.837969]   jiffies              <100093c1e>
[ 2721.837969]   next_to_watch.status <0>
[ 2723.861922] e1000 0000:00:03.0 enp0s3: Detected Tx Unit Hang
[ 2723.861922]   Tx Queue             <0>
[ 2723.861922]   TDH                  <24>
[ 2723.861922]   TDT                  <26>
[ 2723.861922]   next_to_use          <26>
[ 2723.861922]   next_to_clean        <24>
[ 2723.861922] buffer_info[next_to_clean]
[ 2723.861922]   time_stamp           <10009378c>
[ 2723.861922]   next_to_watch        <25>
[ 2723.861922]   jiffies              <100093e18>
[ 2723.861922]   next_to_watch.status <0>
[ 2725.798173] e1000 0000:00:03.0 enp0s3: Reset adapter
